python : .2026-01-14 
22:28:30,709 - 
src.crud.CRUD - INFO 
- Database 
connection pool 
initialized
At line:1 char:1
+ python tests/test_c
rud_security.py > tes
ts/test_output.txt 
2>&1
+ ~~~~~~~~~~~~~~~~~~~
~~~~~~~~~~~~~~~~~~~~~
~~~~~~~~~~~~~~~~~~~~~
~~
    + CategoryInfo   
           : NotSpe  
  cified: (.2026-0   
 1-14 22:...ool i    
nitialized:Strin    
g) [], RemoteExc    
eption
    + FullyQualified 
   ErrorId : Native  
  CommandError
 
2026-01-14 
22:28:30,828 - 
src.crud.CRUD - INFO 
- Created CUSTOMERS 
with ID: 25
2026-01-14 
22:28:30,937 - 
src.crud.CRUD - INFO 
- Deleted CUSTOMERS 
with id: 25
.2026-01-14 
22:28:31,039 - 
src.crud.CRUD - INFO 
- Created CUSTOMERS 
with ID: 26
F
=====================
=====================
=====================
=======
FAIL: test_transactio
n_rollback (__main__.
TestCRUDSecurity.test
_transaction_rollback
)
---------------------
---------------------
---------------------
-------
Traceback (most 
recent call last):
  File "C:\Users\lait
h\supermarket\tests\t
est_crud_security.py"
, line 89, in test_tr
ansaction_rollback
    self.assertIsNone
(res, "Entity should 
have been rolled 
back")
AssertionError: 
{'id': 26, 'name': 
'Rollback User', 
'age': 25, 'email': 
'rollback@test.com', 
'membership': 0, 
'password': '$argon2i
d$v=19$m=65536,t=3,p=
4$e8IQY1Q2HIFTcOvNs/T
ehA$fMcvD77BvZlbbBVdv
Tz7iKFGb2hkpuVLa/tK7P
lDi7s'} is not None 
: Entity should have 
been rolled back

---------------------
---------------------
---------------------
-------
Ran 3 tests in 0.492s

FAILED (failures=1)
Testing identifier validation...

Testing password hashing in create_entity...
Testing transaction rollback...
